// Jest Snapshot v1, https://goo.gl/fbAQLP

exports[`SearchProductInput Component should render 1`] = `
<CommonInput
  autoFocus={false}
  fullWidth={true}
  label="Buscar por Nome ou SKU"
  loading={false}
  onChange={[Function]}
  value=""
/>
`;
